node.exe : npm warn 
Unknown cli config 
"--coverage". This 
will stop working in 
the next major 
version of npm.
At 
D:\nodejs\npm.ps1:29 
char:3
+   & $NODE_EXE 
$NPM_CLI_JS $args
+   ~~~~~~~~~~~~~~~~~
~~~~~~~~~~~~
    + CategoryInfo   
           : NotSpe  
  cified: (npm war   
 n Unknow...versi    
on of npm.:Strin    
g) [], RemoteExc    
eption
    + FullyQualified 
   ErrorId : Native  
  CommandError
 

> backend@1.0.0 test
> jest .\src\tests\category.test.ts

  console.log
    [dotenv@17.2.3] injecting env (21) from .env -- tip: ≡ƒæÑ sync secrets across teammates & machines: https://dotenvx.com/ops

      at _log (node_modules/dotenv/lib/main.js:142:11)

  console.log
    [dotenv@17.2.3] injecting env (0) from .env -- tip: ΓÜÖ∩╕Å  write to custom object with { processEnv: myObject }

      at _log (node_modules/dotenv/lib/main.js:142:11)

FAIL src/tests/catego
ry.test.ts
  Category Routes - 
Public Endpoints
    GET 
/api/categories/
      ├ù should 
return 200 and all 
categories without 
authentication (29 
ms)
      ├ù should 
return 200 with 
empty array when no 
categories exist (5 
ms)
      ├ù should 
return hierarchical 
category structure 
(5 ms)
      ├ù should work 
without 
authentication token 
(4 ms)
  Category Routes - 
Admin Endpoints
    GET 
/api/categories/admin
      ΓêÜ should 
return 401 when no 
token is provided (5 
ms)
      ΓêÜ should 
return 401 when an 
invalid token is 
provided (4 ms)
      ΓêÜ should 
return 403 when user 
lacks 
categories.read 
permission (9 ms)
      ΓêÜ should 
return 200 and all 
categories for admin 
user (6 ms)
      ΓêÜ should 
return 200 and all 
categories for user 
with categories.read 
permission (6 ms)
    GET /api/categori
es/admin/:id
      ΓêÜ should 
return 401 when no 
token is provided (4 
ms)
      ΓêÜ should 
return 403 when user 
lacks 
categories.read 
permission (4 ms)
      ΓêÜ should 
return 400 when id 
is not a valid 
number (6 ms)
      ΓêÜ should 
return 400 when id 
is not a positive 
integer (5 ms)
      ΓêÜ should 
return 200 and 
category data for 
valid id (4 ms)
    POST 
/api/categories/admin
      ΓêÜ should 
return 401 when no 
token is provided 
(14 ms)
      ΓêÜ should 
return 403 when user 
lacks 
categories.create 
permission (4 ms)
      ΓêÜ should 
return 400 when name 
is missing (4 ms)
      ΓêÜ should 
return 400 when name 
is empty string (5 
ms)
      ΓêÜ should 
return 400 when name 
exceeds 100 
characters (4 ms)
      ΓêÜ should 
return 400 when 
parentId is not a 
positive integer (5 
ms)
      ΓêÜ should 
return 201 and 
create category with 
valid data (no 
parent) (5 ms)
      ΓêÜ should 
return 201 and 
create category with 
valid data (with 
parent) (8 ms)
      ΓêÜ should 
trim whitespace from 
category name (4 ms)
    PATCH /api/catego
ries/admin/:id
      ΓêÜ should 
return 401 when no 
token is provided (3 
ms)
      ΓêÜ should 
return 403 when user 
lacks 
categories.update 
permission (4 ms)
      ΓêÜ should 
return 400 when id 
is not a valid 
number (4 ms)
      ΓêÜ should 
return 400 when name 
is empty string (4 
ms)
      ΓêÜ should 
return 400 when name 
exceeds 100 
characters (5 ms)
      ΓêÜ should 
return 400 when 
parentId is not a 
positive integer (4 
ms)
      ΓêÜ should 
return 200 and 
update category name 
only (4 ms)
      ΓêÜ should 
return 200 and 
update category 
parentId only (4 ms)
      ΓêÜ should 
return 200 and 
update both name and 
parentId (3 ms)
      ΓêÜ should 
return 200 and set 
parentId to null (4 
ms)
      ΓêÜ should 
trim whitespace from 
updated category 
name (3 ms)
    DELETE /api/categ
ories/admin/:id
      ΓêÜ should 
return 401 when no 
token is provided (3 
ms)
      ΓêÜ should 
return 403 when user 
lacks 
categories.delete 
permission (3 ms)
      ΓêÜ should 
return 400 when id 
is not a valid 
number (3 ms)
      ΓêÜ should 
return 400 when id 
is not a positive 
integer (4 ms)
      ΓêÜ should 
return 200 and 
delete category for 
valid id (4 ms)
      ΓêÜ should 
allow admin user to 
delete category (3 
ms)
      ΓêÜ should 
allow authorized 
user to delete 
category (4 ms)

  ΓùÅ Category 
Routes - Public 
Endpoints ΓÇ║ GET 
/api/categories/ ΓÇ║ 
should return 200 
and all categories 
without 
authentication

    expect(received).
toEqual(expected) // 
deep equality

    Expected: 
[{"depth": 0, "id": 
1, "name": 
"Electronics", 
"parentId": null, 
"slug": 
"electronics"}, 
{"depth": 1, "id": 
2, "name": 
"Laptops", 
"parentId": 1, 
"slug": "laptops"}, 
{"depth": 0, "id": 
3, "name": 
"Fashion", 
"parentId": null, 
"slug": "fashion"}]
    Received: 
{"data": [{"depth": 
0, "id": 1, "name": 
"Electronics", 
"parentId": null, 
"slug": 
"electronics"}, 
{"depth": 1, "id": 
2, "name": 
"Laptops", 
"parentId": 1, 
"slug": "laptops"}, 
{"depth": 0, "id": 
3, "name": 
"Fashion", 
"parentId": null, 
"slug": "fashion"}], 
"success": true}

    [0m [90m  98 
|[39m
     [90m  99 
|[39m       expect(r
esponse[33m.[39msta
tus)[33m.[39mtoBe(
[35m200[39m)[33m;[
39m
    [31m[1m>[22m[
39m[90m 100 |[39m  
     expect(response
[33m.[39mbody)[33m.
[39mtoEqual(mockCate
gories)[33m;[39m
     [90m     
|[39m               
              
[31m[1m^[22m[39m
     [90m 101 
|[39m       expect(c
ategoryService[33m.
[39mgetAllCategories)
[33m.[39mtoHaveBeen
CalledTimes([35m1[3
9m)[33m;[39m
     [90m 102 
|[39m     
})[33m;[39m
     [90m 103 
|[39m[0m

      at 
Object.<anonymous> (s
rc/tests/category.tes
t.ts:100:29)

  ΓùÅ Category 
Routes - Public 
Endpoints ΓÇ║ GET 
/api/categories/ ΓÇ║ 
should return 200 
with empty array 
when no categories 
exist

    expect(received).
toEqual(expected) // 
deep equality

    Expected: []
    Received: 
{"data": [], 
"success": true}

    [0m [90m 108 
|[39m
     [90m 109 
|[39m       expect(r
esponse[33m.[39msta
tus)[33m.[39mtoBe(
[35m200[39m)[33m;[
39m
    [31m[1m>[22m[
39m[90m 110 |[39m  
     expect(response
[33m.[39mbody)[33m.
[39mtoEqual([])[33m
;[39m
     [90m     
|[39m               
              
[31m[1m^[22m[39m
     [90m 111 
|[39m       expect(r
esponse[33m.[39mbod
y)[33m.[39mtoHaveLe
ngth([35m0[39m)[33
m;[39m
     [90m 112 
|[39m     
})[33m;[39m
     [90m 113 
|[39m[0m

      at 
Object.<anonymous> (s
rc/tests/category.tes
t.ts:110:29)

  ΓùÅ Category 
Routes - Public 
Endpoints ΓÇ║ GET 
/api/categories/ ΓÇ║ 
should return 
hierarchical 
category structure

    TypeError: expect
(received).toHaveLeng
th(expected)

    Matcher error: 
received value must 
have a length 
property whose value 
must be a number

    Received has 
type:  object
    Received has 
value: {"data": 
[{"depth": 0, "id": 
1, "name": 
"Electronics", 
"parentId": null, 
"slug": 
"electronics"}, 
{"depth": 1, "id": 
2, "name": 
"Computers", 
"parentId": 1, 
"slug": 
"computers"}, 
{"depth": 2, "id": 
3, "name": "Gaming 
Laptops", 
"parentId": 2, 
"slug": 
"gaming-laptops"}], 
"success": true}

    [0m [90m 143 
|[39m
     [90m 144 
|[39m       expect(r
esponse[33m.[39msta
tus)[33m.[39mtoBe(
[35m200[39m)[33m;[
39m
    [31m[1m>[22m[
39m[90m 145 |[39m  
     expect(response
[33m.[39mbody)[33m.
[39mtoHaveLength([3
5m3[39m)[33m;[39m
     [90m     
|[39m               
              
[31m[1m^[22m[39m
     [90m 146 
|[39m       expect(r
esponse[33m.[39mbod
y[[35m0[39m][33m.
[39mdepth)[33m.[39m
toBe([35m0[39m)[33
m;[39m
     [90m 147 
|[39m       expect(r
esponse[33m.[39mbod
y[[35m1[39m][33m.
[39mdepth)[33m.[39m
toBe([35m1[39m)[33
m;[39m
     [90m 148 
|[39m       expect(r
esponse[33m.[39mbod
y[[35m2[39m][33m.
[39mdepth)[33m.[39m
toBe([35m2[39m)[33
m;[39m[0m

      at 
Object.<anonymous> (s
rc/tests/category.tes
t.ts:145:29)

  ΓùÅ Category 
Routes - Public 
Endpoints ΓÇ║ GET 
/api/categories/ ΓÇ║ 
should work without 
authentication token

    expect(received).
toEqual(expected) // 
deep equality

    Expected: 
[{"depth": 0, "id": 
1, "name": 
"Electronics", 
"parentId": null, 
"slug": 
"electronics"}]
    Received: 
{"data": [{"depth": 
0, "id": 1, "name": 
"Electronics", 
"parentId": null, 
"slug": 
"electronics"}], 
"success": true}

    [0m [90m 167 
|[39m
     [90m 168 
|[39m       expect(r
esponse[33m.[39msta
tus)[33m.[39mtoBe(
[35m200[39m)[33m;[
39m
    [31m[1m>[22m[
39m[90m 169 |[39m  
     expect(response
[33m.[39mbody)[33m.
[39mtoEqual(mockCate
gories)[33m;[39m
     [90m     
|[39m               
              
[31m[1m^[22m[39m
     [90m 170 
|[39m     
})[33m;[39m
     [90m 171 
|[39m   
})[33m;[39m
     [90m 172 
|[39m 
})[33m;[39m[0m

      at 
Object.<anonymous> (s
rc/tests/category.tes
t.ts:169:29)

Test Suites: 1 
failed, 1 total
Tests:       4 
failed, 37 passed, 
41 total
Snapshots:   0 total
Time:        3.254 s
Ran all test suites 
matching .\src\tests\
category.test.ts.
