[dotenv@17.2.3] injecting env (19) from .env -- tip: ΓÜÖ∩╕Å  load multiple .env files with { path: ['.env.local', '.env'] }
Testing database connection...
Host: aws-1-ap-southeast-2.pooler.supabase.com
Port: 5432
node.exe : 
Connection failed: 
Error: Connection 
terminated 
unexpectedly
At C:\dev_env\nodej
s\npx.ps1:16 char:5
+     & "$basedir/n
ode$exe"  "$basedir
/node_modules/npm/b
in/npx-cli.js" ...
+     ~~~~~~~~~~~~~
~~~~~~~~~~~~~~~~~~~
~~~~~~~~~~~~~~~~~~~
~~~~~~~~~~~~~~
    + CategoryInfo 
             : No  
  tSpecified: (C   
 onnection fail    
...ed unexpect    
edly:String) [    
], RemoteExcep    
tion
    + FullyQualifi 
   edErrorId : Na  
  tiveCommandErr   
 or
 
    at Connection.<
anonymous> (C:\User
s\Duy\Desktop\onlin
e_auction\backend\n
ode_modules\pg\lib\
client.js:136:73)
    at 
Object.onceWrapper 
(node:events:633:28
)
    at 
Connection.emit (no
de:events:519:28)
    at 
Socket.<anonymous> 
(C:\Users\Duy\Deskt
op\online_auction\b
ackend\node_modules
\pg\lib\connection.
js:62:12)
    at Socket.emit 
(node:events:531:35
)
    at 
TCP.<anonymous> 
(node:net:346:12)
